// Jest Snapshot v1, https://goo.gl/fbAQLP

exports[`TemplateComparisonMap should match snapshot 1`] = `
Object {
  "nextjs": Object {
    "dependencies": Array [
      "next",
    ],
  },
  "react": Object {
    "dependencies": Array [
      "react",
      "react-dom",
      "react-scripts",
    ],
  },
  "vuejs": Object {
    "devDependencies": Array [
      "poi",
    ],
  },
}
`;
